// Jest Snapshot v1, https://goo.gl/fbAQLP

exports[`<UserInfo /> component should be rendered without props 1`] = `
<div
  className="user-info"
>
  <h1
    className="user-info__name"
  />
  <a
    className="user-info__logout"
    href="/auth/logout"
  >
    Logout
  </a>
</div>
`;
